\BOOKMARK [1][-]{section.1}{\376\377\000\332\000v\000o\000d}{}% 1
\BOOKMARK [1][-]{section.2}{\376\377\000P\000o\000p\000i\000s\000\040\000k\000y\000v\000a\000d\000l\000a}{}% 2
\BOOKMARK [2][-]{subsection.2.1}{\376\377\000M\000a\000t\000e\000m\000a\000t\000i\000c\000k\000\351\000\040\000z\000a\000d\000\341\000n\000\355}{section.2}% 3
\BOOKMARK [2][-]{subsection.2.2}{\376\377\000K\000o\000n\000t\000r\000o\000l\000a\000\040\000z\000a\000d\000\341\000n\000\355}{section.2}% 4
\BOOKMARK [2][-]{subsection.2.3}{\376\377\000O\000m\000e\000z\000e\000n\000\355\000\040\000v\000s\000t\000u\000p\000u\000\040\000a\000\040\000v\000\375\000s\000t\000u\000p\000u}{section.2}% 5
\BOOKMARK [1][-]{section.3}{\376\377\000L\000i\000n\000e\000a\000r\000i\000z\000a\000c\000e}{}% 6
\BOOKMARK [2][-]{subsection.3.1}{\376\377\000R\000e\000a\000k\000c\000e\000\040\000l\000i\000n\000e\000\341\000r\000n\000\355\000h\000o\000\040\000a\000\040\000n\000e\000l\000i\000n\000e\000\341\000r\000n\000\355\000h\000o\000\040\000s\000y\000s\000t\000\351\000m\000u\000\040\000n\000a\000\040\000v\000s\000t\000u\000p\000y}{section.3}% 7
\BOOKMARK [1][-]{section.4}{\376\377\000V\000l\000a\000s\000t\000n\000o\000s\000t\000i\000\040\000s\000y\000s\000t\000\351\000m\000u\000\040\000-\000\040\000o\000t\000e\000v\001\131\000e\000n\000\351\000\040\000s\000m\000y\001\015\000k\000y}{}% 8
\BOOKMARK [2][-]{subsection.4.1}{\376\377\000P\000\363\000l\000y}{section.4}% 9
\BOOKMARK [2][-]{subsection.4.2}{\376\377\000P\001\131\000e\000n\000o\000s}{section.4}% 10
\BOOKMARK [1][-]{section.5}{\376\377\001\130\000\355\000z\000e\000n\000\355\000\040\000p\000o\000l\000o\000h\000y\000\040\000v\000o\000z\000\355\000k\000u\000\040\000p\000o\000m\000o\000c\000\355\000\040\000P\000I\000D\000\040\000r\000e\000g\000u\000l\000\341\000t\000o\000r\000u}{}% 11
\BOOKMARK [2][-]{subsection.5.1}{\376\377\000Z\000a\000p\000o\000j\000e\000n\000\355\000\040\000v\000\040\000S\000i\000m\000u\000l\000i\000n\000k\000u}{section.5}% 12
\BOOKMARK [2][-]{subsection.5.2}{\376\377\000P\000\040\000r\000e\000g\000u\000l\000\341\000t\000o\000r}{section.5}% 13
\BOOKMARK [2][-]{subsection.5.3}{\376\377\000P\000D\000\040\000r\000e\000g\000u\000l\000\341\000t\000o\000r}{section.5}% 14
\BOOKMARK [2][-]{subsection.5.4}{\376\377\000P\000I\000D\000\040\000r\000e\000g\000u\000l\000\341\000t\000o\000r}{section.5}% 15
\BOOKMARK [2][-]{subsection.5.5}{\376\377\000M\000o\000d\000e\000l\000\040\000r\000e\000f\000e\000r\000e\000n\000c\000e}{section.5}% 16
\BOOKMARK [1][-]{section.6}{\376\377\001\130\000\355\000z\000e\000n\000\355\000\040\000p\000o\000l\000o\000h\000y\000\040\000v\000o\000z\000\355\000k\000u\000\040\000p\000o\000m\000o\000c\000\355\000\040\000P\000I\000D\000\040\000r\000e\000g\000u\000l\000\341\000t\000o\000r\000u\000\040\000s\000\040\000p\001\131\000i\000d\000a\000n\000\375\000m\000\040\000t\000l\000u\000m\000e\000n\000\355\000m\000\040\000k\000m\000i\000t\001\157}{}% 17
\BOOKMARK [2][-]{subsection.6.1}{\376\377\000T\000l\000u\000m\000e\000n\000\355\000\040\000k\000m\000i\000t\001\157\000\040\000p\000o\000m\000o\000c\000\355\000\040\000D\000\040\000r\000e\000g\000u\000l\000\341\000t\000o\000r\000u}{section.6}% 18
\BOOKMARK [2][-]{subsection.6.2}{\376\377\000P\000o\000s\000i\000c\000a\000s\000t}{section.6}% 19
\BOOKMARK [1][-]{section.7}{\376\377\001\130\000\355\000z\000e\000n\000\355\000\040\000p\000o\000m\000o\000c\000\355\000\040\000s\000t\000a\000v\000o\000v\000\351\000\040\000z\000p\001\033\000t\000n\000\351\000\040\000v\000a\000z\000b\000y}{}% 20
\BOOKMARK [2][-]{subsection.7.1}{\376\377\001\130\000\355\000z\000e\000n\000\355\000\040\000p\000o\000m\000o\000c\000\355\000\040\000s\000t\000a\000v\000o\000v\000\351\000\040\000z\000p\001\033\000t\000n\000\351\000\040\000v\000a\000z\000b\000y\000\040\000s\000\040\000p\001\131\000e\000d\000f\000i\000l\000t\000r\000e\000m}{section.7}% 21
\BOOKMARK [3][-]{subsubsection.7.1.1}{\376\377\000D\000o\000l\000n\000\355\000\040\000p\000o\000l\000o\000h\000a}{subsection.7.1}% 22
\BOOKMARK [3][-]{subsubsection.7.1.2}{\376\377\000H\000o\000r\000n\000\355\000\040\000p\000o\000l\000o\000h\000a}{subsection.7.1}% 23
\BOOKMARK [3][-]{subsubsection.7.1.3}{\376\377\000P\000r\000o\000b\000l\000\351\000m\000y\000\040\000i\000m\000p\000l\000e\000m\000e\000n\000t\000a\000c\000e\000\040\000s\000\040\000p\001\131\000e\000d\000f\000i\000l\000t\000r\000e\000m}{subsection.7.1}% 24
\BOOKMARK [2][-]{subsection.7.2}{\376\377\000I\000n\000t\000e\000g\000r\000\341\000l\000n\000\355\000\040\001\131\000e\001\141\000e\000n\000\355\000\040\000s\000t\000a\000v\000o\000v\000\351\000\040\000z\000p\001\033\000t\000n\000\351\000\040\000v\000a\000z\000b\000y}{section.7}% 25
\BOOKMARK [2][-]{subsection.7.3}{\376\377\000P\000o\000z\000o\000r\000o\000v\000a\000t\000e\000l}{section.7}% 26
\BOOKMARK [3][-]{subsubsection.7.3.1}{\376\377\000R\000y\000c\000h\000l\000e\000j\001\141\000\355\000\040\000p\001\131\000e\000c\000h\000o\000d}{subsection.7.3}% 27
\BOOKMARK [1][-]{section.8}{\376\377\000N\000a\000v\000a\000z\000u\000j\000\355\000c\000\355\000\040\000\372\000l\000o\000h\000a\000\040\000-\000\040\000p\000r\000\341\000c\000e\000\040\000s\000e\000\040\000s\000k\000u\000t\000e\001\015\000n\000\375\000m\000\040\000l\000i\000n\000e\000\341\000r\000n\000\355\000m\000\040\000k\000y\000v\000a\000d\000l\000e\000m}{}% 28
\BOOKMARK [2][-]{subsection.8.1}{\376\377\000I\000d\000e\000n\000t\000i\000f\000i\000k\000a\000c\000e\000\040\000s\000y\000s\000t\000\351\000m\000u}{section.8}% 29
\BOOKMARK [2][-]{subsection.8.2}{\376\377\000P\000I\000D\000\040\000r\000e\000g\000u\000l\000\341\000t\000o\000r\000\040\000p\000o\000l\000o\000h\000y\000\040\000s\000\040\000t\000l\000u\000m\000e\000n\000\355\000m\000\040\000k\000m\000i\000t\001\157}{section.8}% 30
\BOOKMARK [2][-]{subsection.8.3}{\376\377\000S\000t\000a\000v\000o\000v\000\341\000\040\000z\000p\001\033\000t\000n\000\341\000\040\000v\000a\000z\000b\000a}{section.8}% 31
\BOOKMARK [3][-]{subsubsection.8.3.1}{\376\377\000D\000o\000l\000n\000\355\000\040\000p\000o\000l\000o\000h\000a}{subsection.8.3}% 32
\BOOKMARK [3][-]{subsubsection.8.3.2}{\376\377\000H\000o\000r\000n\000\355\000\040\000p\000o\000l\000o\000h\000a}{subsection.8.3}% 33
